[ INFO/2020-08-21 09:13:25,570] root: This is logged!
[ INFO/2020-08-21 09:19:04,711] root: This is logged!
